[askbootstrap.com/preview/swiggiweb/home.html]
[askbootstrap.com/preview/swiggiweb/img/fav.png]
[backblue.gif]
[fade.gif]
[index.html]
[askbootstrap.com/preview/swiggiweb/vendor/slick/slick.min.css]
[askbootstrap.com/preview/swiggiweb/vendor/slick/slick-theme.min.css]
[askbootstrap.com/preview/swiggiweb/vendor/icons/feather.css]
[askbootstrap.com/preview/swiggiweb/vendor/bootstrap/css/bootstrap.min.css]
[askbootstrap.com/preview/swiggiweb/css/style.css]
[askbootstrap.com/preview/swiggiweb/vendor/sidebar/demo.css]
[askbootstrap.com/preview/swiggiweb/img/logo_web.png]
[askbootstrap.com/preview/swiggiweb/search.html]
[askbootstrap.com/preview/swiggiweb/offers.html]
[askbootstrap.com/preview/swiggiweb/login.html]
[askbootstrap.com/preview/swiggiweb/img/user/1.jpg]
[askbootstrap.com/preview/swiggiweb/profile.html]
[askbootstrap.com/preview/swiggiweb/faq.html]
[askbootstrap.com/preview/swiggiweb/contact-us.html]
[askbootstrap.com/preview/swiggiweb/terms.html]
[askbootstrap.com/preview/swiggiweb/privacy.html]
[askbootstrap.com/preview/swiggiweb/checkout.html]
[askbootstrap.com/preview/swiggiweb/trending.html]
[askbootstrap.com/preview/swiggiweb/img/icons/Fries.png]
[askbootstrap.com/preview/swiggiweb/img/icons/Pizza.png]
[askbootstrap.com/preview/swiggiweb/img/icons/Burger.png]
[askbootstrap.com/preview/swiggiweb/img/icons/Sandwich.png]
[askbootstrap.com/preview/swiggiweb/img/icons/Coffee.png]
[askbootstrap.com/preview/swiggiweb/img/icons/Steak.png]
[askbootstrap.com/preview/swiggiweb/img/icons/ColaCan.png]
[askbootstrap.com/preview/swiggiweb/img/icons/Breakfast.png]
[askbootstrap.com/preview/swiggiweb/img/icons/Salad.png]
[askbootstrap.com/preview/swiggiweb/img/pro1.jpg]
[askbootstrap.com/preview/swiggiweb/img/pro2.jpg]
[askbootstrap.com/preview/swiggiweb/img/pro3.jpg]
[askbootstrap.com/preview/swiggiweb/img/pro4.jpg]
[askbootstrap.com/preview/swiggiweb/restaurant.html]
[askbootstrap.com/preview/swiggiweb/img/trending1.png]
[askbootstrap.com/preview/swiggiweb/img/trending2.png]
[askbootstrap.com/preview/swiggiweb/img/trending3.png]
[askbootstrap.com/preview/swiggiweb/most_popular.html]
[askbootstrap.com/preview/swiggiweb/img/popular1.png]
[askbootstrap.com/preview/swiggiweb/img/popular2.png]
[askbootstrap.com/preview/swiggiweb/img/popular3.png]
[askbootstrap.com/preview/swiggiweb/img/popular4.png]
[askbootstrap.com/preview/swiggiweb/img/popular5.png]
[askbootstrap.com/preview/swiggiweb/img/popular6.png]
[askbootstrap.com/preview/swiggiweb/img/popular7.png]
[askbootstrap.com/preview/swiggiweb/img/popular8.png]
[askbootstrap.com/preview/swiggiweb/img/sales1.png]
[askbootstrap.com/preview/swiggiweb/img/sales2.png]
[askbootstrap.com/preview/swiggiweb/img/sales3.png]
[askbootstrap.com/preview/swiggiweb/favorites.html]
[askbootstrap.com/preview/swiggiweb/not-found.html]
[askbootstrap.com/preview/swiggiweb/maintence.html]
[askbootstrap.com/preview/swiggiweb/coming-soon.html]
[askbootstrap.com/preview/swiggiweb/signup.html]
[askbootstrap.com/preview/swiggiweb/forgot_password.html]
[askbootstrap.com/preview/swiggiweb/img/appstore.png]
[askbootstrap.com/preview/swiggiweb/img/playmarket.png]
[askbootstrap.com/preview/swiggiweb/my_order.html]
[askbootstrap.com/preview/swiggiweb/verification.html]
[askbootstrap.com/preview/swiggiweb/location.html]
[askbootstrap.com/preview/swiggiweb/successful.html]
[askbootstrap.com/preview/swiggiweb/map.html]
[askbootstrap.com/preview/swiggiweb/vendor/jquery/jquery.min.js]
[askbootstrap.com/preview/swiggiweb/vendor/bootstrap/js/bootstrap.bundle.min.js]
[askbootstrap.com/preview/swiggiweb/vendor/slick/slick.min.js]
[askbootstrap.com/preview/swiggiweb/vendor/sidebar/hc-offcanvas-nav.js]
[askbootstrap.com/preview/swiggiweb/js/osahan.js]
[askbootstrap.com/preview/swiggiweb/home.html]
[askbootstrap.com/preview/swiggiweb/vendor/slick/slick.min.css]
[askbootstrap.com/cdn-cgi/scripts/7d0fa10a/cloudflare-static/rocket-loader.min.js]
[askbootstrap.com/preview/swiggiweb/vendor/slick/ajax-loader.gif]
[askbootstrap.com/preview/swiggiweb/vendor/slick/fonts/slick.eot]
[askbootstrap.com/preview/swiggiweb/vendor/slick/fonts/slickd41d.eot]
[askbootstrap.com/preview/swiggiweb/vendor/slick/fonts/slick.woff]
[askbootstrap.com/preview/swiggiweb/vendor/slick/fonts/slick.ttf]
[askbootstrap.com/preview/swiggiweb/vendor/slick/fonts/slick.svg]
[askbootstrap.com/preview/swiggiweb/vendor/slick/slick-theme.min.css]
[askbootstrap.com/preview/swiggiweb/vendor/icons/fonts/Feather144f.ttf]
[askbootstrap.com/preview/swiggiweb/vendor/icons/fonts/Feather144f.woff]
[askbootstrap.com/preview/swiggiweb/vendor/icons/feather.css]
[askbootstrap.com/preview/swiggiweb/vendor/bootstrap/css/bootstrap.min.css]
[askbootstrap.com/preview/swiggiweb/css/style.css]
[askbootstrap.com/preview/swiggiweb/vendor/sidebar/demo.css]
[askbootstrap.com/preview/swiggiweb/search.html]
[askbootstrap.com/preview/swiggiweb/vendor/icons/fonts/Feather144f.svg]
[askbootstrap.com/preview/swiggiweb/img/offers.png]
[askbootstrap.com/preview/swiggiweb/img/axis.png]
[askbootstrap.com/preview/swiggiweb/offers.html]
[askbootstrap.com/preview/swiggiweb/img/bg.mp4]
[askbootstrap.com/preview/swiggiweb/login.html]
[askbootstrap.com/preview/swiggiweb/img/user1.jpg]
[askbootstrap.com/preview/swiggiweb/img/user2.png]
[askbootstrap.com/preview/swiggiweb/profile.html]
[askbootstrap.com/preview/swiggiweb/faq.html]
[askbootstrap.com/preview/swiggiweb/contact-us.html]
[askbootstrap.com/cdn-cgi/scripts/5c5dd728/cloudflare-static/email-decode.min.js]
[askbootstrap.com/preview/swiggiweb/terms.html]
[askbootstrap.com/preview/swiggiweb/privacy.html]
[askbootstrap.com/preview/swiggiweb/img/starter1.jpg]
[askbootstrap.com/preview/swiggiweb/checkout.html]
[askbootstrap.com/preview/swiggiweb/img/trending4.png]
[askbootstrap.com/preview/swiggiweb/img/trending5.png]
[askbootstrap.com/preview/swiggiweb/img/trending6.png]
[askbootstrap.com/preview/swiggiweb/img/trending7.png]
[askbootstrap.com/preview/swiggiweb/img/trending8.png]
[askbootstrap.com/preview/swiggiweb/trending.html]
[askbootstrap.com/preview/swiggiweb/img/starter2.jpg]
[askbootstrap.com/preview/swiggiweb/img/starter3.jpg]
[askbootstrap.com/preview/swiggiweb/img/reviewer1.png]
[askbootstrap.com/preview/swiggiweb/img/reviewer3.png]
[askbootstrap.com/preview/swiggiweb/img/reviewer4.png]
[askbootstrap.com/preview/swiggiweb/img/reviewer5.png]
[askbootstrap.com/preview/swiggiweb/img/reviewer6.png]
[askbootstrap.com/preview/swiggiweb/img/reviewer2.png]
[askbootstrap.com/preview/swiggiweb/restaurant.html]
[askbootstrap.com/preview/swiggiweb/most_popular.html]
[askbootstrap.com/preview/swiggiweb/favorites.html]
[askbootstrap.com/preview/swiggiweb/not-found.html]
[askbootstrap.com/preview/swiggiweb/maintence.html]
[askbootstrap.com/preview/swiggiweb/coming-soon.html]
[askbootstrap.com/preview/swiggiweb/signup.html]
[askbootstrap.com/preview/swiggiweb/forgot_password.html]
[askbootstrap.com/preview/swiggiweb/status_complete.html]
[askbootstrap.com/preview/swiggiweb/status_onprocess.html]
[askbootstrap.com/preview/swiggiweb/my_order.html]
[askbootstrap.com/preview/swiggiweb/verification.html]
[askbootstrap.com/preview/swiggiweb/status_canceled.html]
[askbootstrap.com/preview/swiggiweb/img/location.png]
[askbootstrap.com/preview/swiggiweb/location.html]
[askbootstrap.com/preview/swiggiweb/successful.html]
[askbootstrap.com/preview/swiggiweb/map.html]
[askbootstrap.com/preview/swiggiweb/vendor/jquery/jquery.min.js]
[askbootstrap.com/preview/swiggiweb/vendor/bootstrap/js/bootstrap.bundle.min.js]
[askbootstrap.com/preview/swiggiweb/vendor/slick/slick.min.js]
[askbootstrap.com/preview/swiggiweb/vendor/sidebar/hc-offcanvas-nav.js]
[www.google-analytics.com/analytics.js]
[askbootstrap.com/preview/swiggiweb/js/osahan.js]
[askbootstrap.com/preview/swiggiweb/vendor/slick/fonts/slick.svg]
[askbootstrap.com/preview/swiggiweb/vendor/icons/fonts/Feather144f.svg]
[askbootstrap.com/preview/swiggiweb/status_complete.html]
[askbootstrap.com/preview/swiggiweb/status_onprocess.html]
[askbootstrap.com/preview/swiggiweb/status_canceled.html]
