[askbootstrap.com/preview/osahan-eat/admin/index.html]
[backblue.gif]
[fade.gif]
[index.html]
[askbootstrap.com/preview/osahan-eat/admin/img/favicon.png]
[askbootstrap.com/preview/osahan-eat/admin/vendor/icons/feather.css]
[askbootstrap.com/preview/osahan-eat/admin/vendor/fontawesome/css/fontawesome.min.css]
[askbootstrap.com/preview/osahan-eat/admin/vendor/bootstrap/css/bootstrap.min.css]
[askbootstrap.com/preview/osahan-eat/admin/css/styles.css]
[askbootstrap.com/preview/osahan-eat/admin/vendor/dataTables/dataTables/css/dataTables.bootstrap4.min.css]
[askbootstrap.com/preview/osahan-eat/admin/img/logo.png]
[askbootstrap.com/preview/osahan-eat/admin/img/user/2.png]
[askbootstrap.com/preview/osahan-eat/admin/img/user/3.png]
[askbootstrap.com/preview/osahan-eat/admin/img/user/4.png]
[askbootstrap.com/preview/osahan-eat/admin/img/user/5.png]
[askbootstrap.com/preview/osahan-eat/admin/img/user/1.png]
[askbootstrap.com/preview/osahan-eat/admin/my-profile.html]
[askbootstrap.com/preview/osahan-eat/admin/messages.html]
[askbootstrap.com/preview/osahan-eat/admin/bookings.html]
[askbootstrap.com/preview/osahan-eat/admin/listings.html]
[askbootstrap.com/preview/osahan-eat/admin/reviews.html]
[askbootstrap.com/preview/osahan-eat/admin/bookmarks.html]
[askbootstrap.com/preview/osahan-eat/admin/add-listing.html]
[askbootstrap.com/preview/osahan-eat/admin/add-listing-with-menu-list.html]
[askbootstrap.com/preview/osahan-eat/admin/orders.html]
[askbootstrap.com/preview/osahan-eat/admin/edit-order.html]
[askbootstrap.com/preview/osahan-eat/admin/layout-static.html]
[askbootstrap.com/preview/osahan-eat/admin/layout-sidenav-light.html]
[askbootstrap.com/preview/osahan-eat/admin/login.html]
[askbootstrap.com/preview/osahan-eat/admin/register.html]
[askbootstrap.com/preview/osahan-eat/admin/password.html]
[askbootstrap.com/preview/osahan-eat/admin/401.html]
[askbootstrap.com/preview/osahan-eat/admin/404.html]
[askbootstrap.com/preview/osahan-eat/admin/500.html]
[askbootstrap.com/preview/osahan-eat/admin/charts.html]
[askbootstrap.com/preview/osahan-eat/admin/tables.html]
[askbootstrap.com/preview/osahan-eat/admin/img/user/6.png]
[askbootstrap.com/preview/osahan-eat/admin/vendor/jquery/jquery.min.js]
[askbootstrap.com/preview/osahan-eat/admin/vendor/bootstrap/js/bootstrap.bundle.min.js]
[askbootstrap.com/preview/osahan-eat/admin/js/scripts.js]
[askbootstrap.com/preview/osahan-eat/admin/vendor/fontawesome/js/all.min.js]
[cdnjs.cloudflare.com/ajax/libs/Chart.js/2.8.0/Chart.min.js]
[askbootstrap.com/preview/osahan-eat/admin/assets/demo/chart-area-demo.js]
[askbootstrap.com/preview/osahan-eat/admin/assets/demo/chart-bar-demo.js]
[askbootstrap.com/preview/osahan-eat/admin/assets/demo/chart-pie-demo.js]
[askbootstrap.com/preview/osahan-eat/admin/vendor/dataTables/dataTables/js/jquery.dataTables.min.js]
[askbootstrap.com/preview/osahan-eat/admin/vendor/dataTables/dataTables/js/dataTables.bootstrap.min.js]
[askbootstrap.com/preview/osahan-eat/admin/assets/demo/datatables-demo.js]
[askbootstrap.com/preview/osahan-eat/admin/index.html]
[askbootstrap.com/cdn-cgi/scripts/7d0fa10a/cloudflare-static/rocket-loader.min.js]
[askbootstrap.com/preview/osahan-eat/admin/vendor/icons/fonts/Feather144f.ttf]
[askbootstrap.com/preview/osahan-eat/admin/vendor/icons/fonts/Feather144f.woff]
[askbootstrap.com/preview/osahan-eat/admin/vendor/icons/feather.css]
[askbootstrap.com/preview/osahan-eat/admin/vendor/fontawesome/css/fontawesome.min.css]
[askbootstrap.com/preview/osahan-eat/admin/vendor/bootstrap/css/bootstrap.min.css]
[askbootstrap.com/preview/osahan-eat/admin/css/styles.css]
[askbootstrap.com/preview/osahan-eat/admin/vendor/dataTables/dataTables/css/dataTables.bootstrap4.min.css]
[askbootstrap.com/preview/osahan-eat/admin/vendor/icons/fonts/Feather144f.svg]
[askbootstrap.com/preview/osahan-eat/admin/vendor/dropzone/dist/dropzone.css]
[www.ansonika.com/foogra/admin_section/css/date_picker.css]
[askbootstrap.com/preview/osahan-eat/admin/vendor/summernote/summernote-bs4.min.css]
[askbootstrap.com/preview/osahan-eat/admin/vendor/dropzone/dist/min/dropzone.min.js]
[askbootstrap.com/preview/osahan-eat/admin/my-profile.html]
[www.ansonika.com/foogra/admin_section/vendor/bootstrap-datepicker.js]
[askbootstrap.com/preview/osahan-eat/admin/messages.html]
[askbootstrap.com/cdn-cgi/scripts/5c5dd728/cloudflare-static/email-decode.min.js]
[askbootstrap.com/preview/osahan-eat/admin/img/3.jpg]
[askbootstrap.com/preview/osahan-eat/admin/img/4.jpg]
[askbootstrap.com/preview/osahan-eat/admin/img/5.jpg]
[askbootstrap.com/preview/osahan-eat/admin/bookings.html]
[askbootstrap.com/preview/osahan-eat/admin/listings.html]
[askbootstrap.com/preview/osahan-eat/admin/reviews.html]
[askbootstrap.com/preview/osahan-eat/admin/img/list/4.png]
[askbootstrap.com/preview/osahan-eat/admin/img/list/5.png]
[askbootstrap.com/preview/osahan-eat/admin/img/list/6.png]
[askbootstrap.com/preview/osahan-eat/admin/img/list/7.png]
[askbootstrap.com/preview/osahan-eat/admin/img/list/8.png]
[askbootstrap.com/preview/osahan-eat/admin/img/list/9.png]
[askbootstrap.com/preview/osahan-eat/admin/bookmarks.html]
[askbootstrap.com/preview/osahan-eat/admin/add-listing.html]
[askbootstrap.com/preview/osahan-eat/admin/vendor/summernote/summernote-bs4.min.js]
[askbootstrap.com/preview/osahan-eat/admin/add-listing-with-menu-list.html]
[askbootstrap.com/preview/osahan-eat/admin/orders.html]
[askbootstrap.com/preview/osahan-eat/admin/edit-order.html]
[askbootstrap.com/preview/osahan-eat/admin/edit-orderid.html]
[askbootstrap.com/preview/osahan-eat/admin/layout-static.html]
[askbootstrap.com/preview/osahan-eat/admin/layout-sidenav-light.html]
[askbootstrap.com/preview/osahan-eat/admin/login.html]
[askbootstrap.com/preview/osahan-eat/admin/register.html]
[askbootstrap.com/preview/osahan-eat/admin/password.html]
[cdnjs.cloudflare.com/ajax/libs/font-awesome/5.13.0/js/all.min.js]
[code.jquery.com/jquery-3.5.1.min.js]
[askbootstrap.com/preview/osahan-eat/admin/401.html]
[stackpath.bootstrapcdn.com/bootstrap/4.5.0/js/bootstrap.bundle.min.js]
[askbootstrap.com/preview/osahan-eat/admin/assets/img/error-404-monochrome.svg]
[askbootstrap.com/preview/osahan-eat/admin/404.html]
[askbootstrap.com/preview/osahan-eat/admin/500.html]
[askbootstrap.com/preview/osahan-eat/admin/charts.html]
[askbootstrap.com/preview/osahan-eat/admin/tables.html]
[askbootstrap.com/preview/osahan-eat/admin/vendor/jquery/jquery.min.js]
[askbootstrap.com/preview/osahan-eat/admin/vendor/fontawesome/js/all.min.js]
[askbootstrap.com/preview/osahan-eat/admin/vendor/bootstrap/js/bootstrap.bundle.min.js]
[www.google-analytics.com/analytics.js]
[askbootstrap.com/preview/osahan-eat/admin/js/scripts.js]
[askbootstrap.com/preview/osahan-eat/admin/assets/demo/chart-area-demo.js]
[askbootstrap.com/preview/osahan-eat/admin/assets/demo/chart-bar-demo.js]
[askbootstrap.com/preview/osahan-eat/admin/assets/demo/chart-pie-demo.js]
[askbootstrap.com/preview/osahan-eat/admin/vendor/dataTables/dataTables/js/jquery.dataTables.min.js]
[askbootstrap.com/preview/osahan-eat/admin/vendor/dataTables/dataTables/js/dataTables.bootstrap.min.js]
[askbootstrap.com/preview/osahan-eat/admin/assets/demo/datatables-demo.js]
[askbootstrap.com/preview/osahan-eat/admin/vendor/icons/fonts/Feather144f.svg]
[askbootstrap.com/preview/osahan-eat/admin/vendor/dropzone/dist/dropzone.css]
[www.ansonika.com/foogra/admin_section/css/date_picker.css]
[askbootstrap.com/preview/osahan-eat/admin/vendor/summernote/font/summernote.eot]
[askbootstrap.com/preview/osahan-eat/admin/vendor/summernote/font/summernoted41d.eot]
[askbootstrap.com/preview/osahan-eat/admin/vendor/summernote/font/summernote.woff2]
[askbootstrap.com/preview/osahan-eat/admin/vendor/summernote/font/summernote.woff]
[askbootstrap.com/preview/osahan-eat/admin/vendor/summernote/summernote-bs4.min.css]
[askbootstrap.com/preview/osahan-eat/admin/vendor/dropzone/dist/min/dropzone.min.js]
[askbootstrap.com/preview/osahan-eat/admin/vendor/summernote/summernote-bs4.min.js]
[askbootstrap.com/preview/osahan-eat/admin/vendor/summernote/font/summernote.ttf]
[askbootstrap.com/preview/osahan-eat/admin/edit-orderid.html]
[askbootstrap.com/preview/osahan-eat/admin/assets/img/error-404-monochrome.svg]
[askbootstrap.com/preview/osahan-eat/admin/Trident/index.html]
