[pixner.net/spovest/light/index.html]
[backblue.gif]
[fade.gif]
[index.html]
[pixner.net/spovest/light/assets/images/favicon.png]
[pixner.net/spovest/light/assets/css/vendor/bootstrap.min.css]
[pixner.net/spovest/light/assets/icons/font_awesome/css/all.min.css]
[pixner.net/spovest/light/assets/icons/flat_icon/flaticon.css]
[pixner.net/spovest/light/assets/css/vendor/owl.carousel.min.css]
[pixner.net/spovest/light/assets/css/vendor/owl.theme.default.min.css]
[pixner.net/spovest/light/assets/css/vendor/magnific-popup.css]
[pixner.net/spovest/light/assets/css/vendor/nice-select.css]
[pixner.net/spovest/light/assets/css/vendor/animate.css]
[pixner.net/spovest/light/assets/css/main.css]
[pixner.net/spovest/light/assets/images/Logo-dark-n.png]
[pixner.net/spovest/light/login.html]
[pixner.net/spovest/light/signup.html]
[pixner.net/spovest/light/index-two.html]
[pixner.net/spovest/light/user-portfolio.html]
[pixner.net/spovest/light/about.html]
[pixner.net/spovest/light/play.html]
[pixner.net/spovest/light/faq.html]
[pixner.net/spovest/light/contact.html]
[pixner.net/spovest/light/trade.html]
[pixner.net/spovest/light/assets/images/home_banner/players.png]
[pixner.net/spovest/light/player-profile.html]
[pixner.net/spovest/light/assets/images/slider/trader_1.png]
[pixner.net/spovest/light/assets/images/slider/trader_2.png]
[pixner.net/spovest/light/assets/images/slider/trader_3.png]
[pixner.net/spovest/light/assets/images/work/deposit.png]
[pixner.net/spovest/light/assets/images/work/market.png]
[pixner.net/spovest/light/assets/images/work/trade.png]
[pixner.net/spovest/light/assets/images/buy/buy_illustration.png]
[pixner.net/spovest/light/assets/images/buy/players.png]
[pixner.net/spovest/light/assets/images/buy/invest.png]
[pixner.net/spovest/light/assets/images/buy/trade.png]
[pixner.net/spovest/light/assets/images/play/payment.png]
[pixner.net/spovest/light/assets/images/play/transparent.png]
[pixner.net/spovest/light/assets/images/play/multi.png]
[pixner.net/spovest/light/assets/images/play/support.png]
[pixner.net/spovest/light/assets/images/play/illustration.png]
[pixner.net/spovest/light/affiliate.html]
[pixner.net/spovest/light/assets/images/testimonial/ava_1.png]
[pixner.net/spovest/light/assets/images/testimonial/ava_2.png]
[pixner.net/spovest/light/assets/images/testimonial/ava_3.png]
[pixner.net/spovest/light/assets/images/faq/ac-icon.png]
[pixner.net/spovest/light/assets/images/footer/apple_store.png]
[pixner.net/spovest/light/assets/images/footer/google_store.png]
[pixner.net/spovest/light/assets/js/vendor/jquery-3.6.0.min.js]
[pixner.net/spovest/light/assets/js/vendor/bootstrap.bundle.min.js]
[pixner.net/spovest/light/assets/js/vendor/jquery.waypoints.min.js]
[pixner.net/spovest/light/assets/js/vendor/jquery.counterup.min.js]
[pixner.net/spovest/light/assets/js/vendor/owl.carousel.min.js]
[pixner.net/spovest/light/assets/js/vendor/jquery.magnific-popup.min.js]
[pixner.net/spovest/light/assets/js/vendor/jquery.nice-select.min.js]
[pixner.net/spovest/light/assets/js/vendor/wow.min.js]
[pixner.net/spovest/light/assets/js/main.js]
[pixner.net/spovest/light/index.html]
[pixner.net/spovest/light/assets/css/vendor/bootstrap.min.css]
[pixner.net/spovest/light/assets/icons/font_awesome/webfonts/fa-brands-400.eot]
[pixner.net/spovest/light/assets/icons/font_awesome/webfonts/fa-brands-400d41d.eot]
[pixner.net/spovest/light/assets/icons/font_awesome/webfonts/fa-brands-400.woff2]
[pixner.net/spovest/light/assets/icons/font_awesome/webfonts/fa-brands-400.woff]
[pixner.net/spovest/light/assets/icons/font_awesome/webfonts/fa-brands-400.ttf]
[pixner.net/spovest/light/assets/icons/font_awesome/webfonts/fa-brands-400.svg]
[pixner.net/spovest/light/assets/icons/font_awesome/webfonts/fa-regular-400.eot]
[pixner.net/spovest/light/assets/icons/font_awesome/webfonts/fa-regular-400d41d.eot]
[pixner.net/spovest/light/assets/icons/font_awesome/webfonts/fa-regular-400.woff2]
[pixner.net/spovest/light/assets/icons/font_awesome/webfonts/fa-regular-400.woff]
[pixner.net/spovest/light/assets/icons/font_awesome/webfonts/fa-regular-400.ttf]
[pixner.net/spovest/light/assets/icons/font_awesome/webfonts/fa-regular-400.svg]
[pixner.net/spovest/light/assets/icons/font_awesome/webfonts/fa-solid-900.eot]
[pixner.net/spovest/light/assets/icons/font_awesome/webfonts/fa-solid-900d41d.eot]
[pixner.net/spovest/light/assets/icons/font_awesome/webfonts/fa-solid-900.woff2]
[pixner.net/spovest/light/assets/icons/font_awesome/webfonts/fa-solid-900.woff]
[pixner.net/spovest/light/assets/icons/font_awesome/webfonts/fa-solid-900.ttf]
[pixner.net/spovest/light/assets/icons/font_awesome/css/all.min.css]
[pixner.net/spovest/light/assets/icons/font_awesome/webfonts/fa-solid-900.svg]
[pixner.net/spovest/light/assets/icons/flat_icon/flaticon45fe.ttf]
[pixner.net/spovest/light/assets/icons/flat_icon/flaticon45fe.woff]
[pixner.net/spovest/light/assets/icons/flat_icon/flaticon45fe.woff2]
[pixner.net/spovest/light/assets/icons/flat_icon/flaticon45fe.eot]
[pixner.net/spovest/light/assets/icons/flat_icon/flaticon45fe.svg]
[pixner.net/spovest/light/assets/icons/flat_icon/flaticon.css]
[pixner.net/spovest/light/assets/css/vendor/owl.video.play.png]
[pixner.net/spovest/light/assets/css/vendor/owl.carousel.min.css]
[pixner.net/spovest/light/assets/css/vendor/owl.theme.default.min.css]
[pixner.net/spovest/light/assets/css/vendor/magnific-popup.css]
[pixner.net/spovest/light/assets/css/vendor/nice-select.css]
[pixner.net/spovest/light/assets/css/vendor/animate.css]
[pixner.net/spovest/light/assets/images/contact/registration_bg.png]
[pixner.net/spovest/light/assets/images/about/about_banner_illustration.png]
[pixner.net/spovest/light/assets/images/about/about_banner_bg.png]
[pixner.net/spovest/light/assets/images/play/play_banner_illustration.png]
[pixner.net/spovest/light/assets/images/play/play_banner_bg.png]
[pixner.net/spovest/light/assets/images/faq/faq_banner_illustration.png]
[pixner.net/spovest/light/assets/images/faq/faq_banner_bg.png]
[pixner.net/spovest/light/assets/images/contact/contact_banner_bg.png]
[pixner.net/spovest/light/assets/images/contact/contact_banner_illustration.png]
[pixner.net/spovest/light/assets/images/slider/line.png]
[pixner.net/spovest/light/assets/images/slider/circle_one.png]
[pixner.net/spovest/light/assets/images/slider/circle_two.png]
[pixner.net/spovest/light/assets/images/slider/circle_three.png]
[pixner.net/spovest/light/assets/images/play/circle.png]
[pixner.net/spovest/light/assets/images/invite/invite_bg.png]
[pixner.net/spovest/light/assets/images/testimonial/rv-bg.png]
[pixner.net/spovest/light/assets/images/faq/faq_bg.png]
[pixner.net/spovest/light/assets/images/games/game_bg.png]
[pixner.net/spovest/light/assets/images/competition/home_two_footer_overlay.png]
[pixner.net/spovest/light/assets/images/competition/home_two_footer_bg.png]
[pixner.net/spovest/light/assets/images/contact/read_bg.png]
[pixner.net/spovest/light/assets/images/experience/basketball_player.png]
[pixner.net/spovest/light/assets/images/experience/football_player.png]
[pixner.net/spovest/light/assets/images/experience/bg.png]
[pixner.net/spovest/light/assets/images/home_banner/home_banner_lg_bg.png]
[pixner.net/spovest/light/assets/images/home_banner/home_two_banner_lg_bg.png]
[pixner.net/spovest/light/assets/images/player_search/hockey.png]
[pixner.net/spovest/light/assets/images/player_search/basketball.png]
[pixner.net/spovest/light/assets/images/work/arrow_left.png]
[pixner.net/spovest/light/assets/images/work/arrow_right.png]
[pixner.net/spovest/light/assets/images/home_banner/home_banner_sm_bg.png]
[pixner.net/spovest/light/assets/images/home_banner/home_two_banner_sm_bg.png]
[pixner.net/spovest/light/assets/css/main.css]
[pixner.net/spovest/light/assets/images/logo.png]
[pixner.net/spovest/light/assets/images/contact/facebook.png]
[pixner.net/spovest/light/assets/images/contact/google.png]
[pixner.net/spovest/light/login.html]
[pixner.net/spovest/light/signup.html]
[pixner.net/spovest/light/assets/images/home_banner/home_two_banner_illustration.png]
[pixner.net/spovest/light/assets/images/player_search/avatar_1.png]
[pixner.net/spovest/light/assets/images/player_search/chart_1.png]
[pixner.net/spovest/light/assets/images/player_search/avatar_2.png]
[pixner.net/spovest/light/assets/images/player_search/chart_2.png]
[pixner.net/spovest/light/assets/images/player_search/avatar_3.png]
[pixner.net/spovest/light/assets/images/player_search/chart_3.png]
[pixner.net/spovest/light/assets/images/player_search/avatar_4.png]
[pixner.net/spovest/light/assets/images/player_search/chart_4.png]
[pixner.net/spovest/light/assets/images/player_search/avatar_5.png]
[pixner.net/spovest/light/assets/images/player_search/chart_5.png]
[pixner.net/spovest/light/assets/images/player_search/avatar_6.png]
[pixner.net/spovest/light/assets/images/player_search/chart_6.png]
[pixner.net/spovest/light/league.html]
[pixner.net/spovest/light/assets/images/games/new_logo.png]
[pixner.net/spovest/light/assets/images/games/ac-vs.png]
[pixner.net/spovest/light/assets/images/games/phoenix_logo.png]
[pixner.net/spovest/light/assets/images/games/atlanta_logo.png]
[pixner.net/spovest/light/assets/images/games/miami.png]
[pixner.net/spovest/light/assets/images/games/browns_logo.png]
[pixner.net/spovest/light/assets/images/games/baltimore_logo.png]
[pixner.net/spovest/light/index-two.html]
[pixner.net/spovest/light/assets/icons/cs/flaticon.css]
[pixner.net/spovest/light/user-about.html]
[pixner.net/spovest/light/assets/images/user/profile-sm.png]
[pixner.net/spovest/light/rules.html]
[pixner.net/spovest/light/assets/images/user/arrow.png]
[pixner.net/spovest/light/assets/images/user/avatar_1.png]
[pixner.net/spovest/light/assets/images/user/new_logo.png]
[pixner.net/spovest/light/assets/images/user/ac-vs.png]
[pixner.net/spovest/light/assets/images/user/phoenix_logo.png]
[pixner.net/spovest/light/assets/images/user/atlanta_logo.png]
[pixner.net/spovest/light/assets/images/user/miami.png]
[pixner.net/spovest/light/assets/images/user/browns_logo.png]
[pixner.net/spovest/light/assets/images/user/baltimore_logo.png]
[pixner.net/spovest/light/assets/js/vendor/apexcharts.min.js]
[pixner.net/spovest/light/assets/js/vendor/apex-customization.js]
[pixner.net/spovest/light/user-portfolio.html]
[pixner.net/spovest/light/assets/images/about/illustration.png]
[pixner.net/spovest/light/assets/images/about/players.png]
[pixner.net/spovest/light/assets/images/about/users.png]
[pixner.net/spovest/light/assets/images/about/volume.png]
[pixner.net/spovest/light/assets/images/about/team_1.png]
[pixner.net/spovest/light/assets/images/about/team_2.png]
[pixner.net/spovest/light/assets/images/about/team_3.png]
[pixner.net/spovest/light/assets/images/about/team_4.png]
[pixner.net/spovest/light/about.html]
[pixner.net/spovest/light/assets/images/play/video_poster_one.png]
[pixner.net/spovest/light/play.html]
[pixner.net/spovest/light/assets/images/faq/general.png]
[pixner.net/spovest/light/assets/images/faq/sports.png]
[pixner.net/spovest/light/faq.html]
[pixner.net/spovest/light/assets/images/contact/email.png]
[pixner.net/spovest/light/assets/images/contact/call.png]
[pixner.net/spovest/light/assets/images/contact/visit.png]
[pixner.net/spovest/light/contact.html]
[pixner.net/cdn-cgi/scripts/5c5dd728/cloudflare-static/email-decode.min.js]
[pixner.net/spovest/light/assets/images/profile/profile_bg.png]
[pixner.net/spovest/light/assets/images/profile/profile.png]
[pixner.net/spovest/light/assets/images/profile/trade_bg.png]
[pixner.net/spovest/light/trade.html]
[pixner.net/spovest/light/player-profile.html]
[pixner.net/spovest/light/assets/images/followers/affiliate_bg.png]
[pixner.net/spovest/light/assets/images/profile/ac-ref.png]
[pixner.net/spovest/light/assets/images/profile/ac-last.png]
[pixner.net/spovest/light/assets/images/user/vs.png]
[pixner.net/spovest/light/affiliate.html]
[pixner.net/spovest/light/assets/icons/font_awesome/webfonts/fa-brands-400.svg]
[pixner.net/spovest/light/assets/icons/font_awesome/webfonts/fa-regular-400.svg]
[pixner.net/spovest/light/assets/icons/font_awesome/webfonts/fa-solid-900.svg]
[pixner.net/spovest/light/assets/icons/flat_icon/flaticon45fe.svg]
[pixner.net/spovest/light/assets/css/vendor/owl.video.play.html]
[pixner.net/spovest/light/assets/images/league/cover_img.png]
[pixner.net/spovest/light/league.html]
[pixner.net/spovest/light/assets/images/games/ac-vs.html]
[pixner.net/spovest/light/assets/icons/cs/flaticon8e46.ttf]
[pixner.net/spovest/light/assets/icons/cs/flaticon8e46.woff]
[pixner.net/spovest/light/assets/icons/cs/flaticon8e46.woff2]
[pixner.net/spovest/light/assets/icons/cs/flaticon8e46.eot]
[pixner.net/spovest/light/assets/icons/cs/flaticon.css]
[pixner.net/spovest/light/assets/icons/cs/flaticon8e46.svg]
[pixner.net/spovest/light/assets/images/user/illustration.png]
[pixner.net/spovest/light/assets/images/user/profile_lg.png]
[pixner.net/spovest/light/assets/images/user/badge.png]
[pixner.net/spovest/light/assets/images/followers/gera.png]
[pixner.net/spovest/light/assets/images/followers/eva.png]
[pixner.net/spovest/light/assets/images/followers/greg.png]
[pixner.net/spovest/light/assets/images/followers/wise.png]
[pixner.net/spovest/light/assets/images/followers/boone.png]
[pixner.net/spovest/light/assets/images/followers/alyssa.png]
[pixner.net/spovest/light/assets/images/followers/lionel.png]
[pixner.net/spovest/light/assets/images/followers/joanna.png]
[pixner.net/spovest/light/assets/images/followers/kurt_bg.png]
[pixner.net/spovest/light/assets/images/followers/kurt.png]
[pixner.net/spovest/light/assets/images/followers/dennis_bg.png]
[pixner.net/spovest/light/assets/images/followers/dennis.png]
[pixner.net/spovest/light/assets/images/followers/lyle_bg.png]
[pixner.net/spovest/light/assets/images/followers/lyle.png]
[pixner.net/spovest/light/assets/images/followers/larry_bg.png]
[pixner.net/spovest/light/assets/images/followers/larry.png]
[pixner.net/spovest/light/assets/images/followers/debra_bg.png]
[pixner.net/spovest/light/assets/images/followers/debra.png]
[pixner.net/spovest/light/assets/images/followers/megan_bg.png]
[pixner.net/spovest/light/assets/images/followers/megan.png]
[pixner.net/spovest/light/assets/images/followers/sam_bg.png]
[pixner.net/spovest/light/assets/images/followers/sam.png]
[pixner.net/spovest/light/assets/images/followers/elena_bg.png]
[pixner.net/spovest/light/assets/images/followers/elena.png]
[pixner.net/spovest/light/assets/images/followers/gina_bg.png]
[pixner.net/spovest/light/assets/images/followers/gina.png]
[pixner.net/spovest/light/assets/images/followers/abel_bg.png]
[pixner.net/spovest/light/assets/images/followers/abel.png]
[pixner.net/spovest/light/assets/images/followers/ollie_bg.png]
[pixner.net/spovest/light/assets/images/followers/ollie.png]
[pixner.net/spovest/light/assets/images/followers/noel_bg.png]
[pixner.net/spovest/light/assets/images/followers/noel.png]
[pixner.net/spovest/light/assets/images/user/side_bar_bg_one.png]
[pixner.net/spovest/light/assets/images/user/member_one.png]
[pixner.net/spovest/light/assets/images/user/side_bar_bg_two.png]
[pixner.net/spovest/light/assets/images/user/member_two.png]
[pixner.net/spovest/light/assets/images/user/side_bar_bg_three.png]
[pixner.net/spovest/light/assets/images/user/member_three.png]
[pixner.net/spovest/light/assets/images/user/side_bar_bg_four.png]
[pixner.net/spovest/light/assets/images/user/member_four.png]
[pixner.net/spovest/light/user-about.html]
[pixner.net/spovest/light/assets/images/profile/rules_bg.png]
[pixner.net/spovest/light/rules.html]
[pixner.net/spovest/light/assets/icons/cs/flaticon8e46.svg]
