[askbootstrap.com/preview/osahan-eat/dark/index.html]
[backblue.gif]
[fade.gif]
[index.html]
[askbootstrap.com/preview/osahan-eat/dark/img/favicon.png]
[askbootstrap.com/preview/osahan-eat/dark/vendor/bootstrap/css/bootstrap.min.css]
[askbootstrap.com/preview/osahan-eat/dark/vendor/fontawesome/css/all.min.css]
[askbootstrap.com/preview/osahan-eat/dark/vendor/icofont/icofont.min.css]
[askbootstrap.com/preview/osahan-eat/dark/vendor/select2/css/select2.min.css]
[askbootstrap.com/preview/osahan-eat/dark/css/osahan.css]
[askbootstrap.com/preview/osahan-eat/dark/vendor/owl-carousel/owl.carousel.css]
[askbootstrap.com/preview/osahan-eat/dark/vendor/owl-carousel/owl.theme.css]
[askbootstrap.com/preview/osahan-eat/dark/img/logo.png]
[askbootstrap.com/preview/osahan-eat/dark/offers.html]
[askbootstrap.com/preview/osahan-eat/dark/listing.html]
[askbootstrap.com/preview/osahan-eat/dark/detail.html]
[askbootstrap.com/preview/osahan-eat/dark/checkout.html]
[askbootstrap.com/preview/osahan-eat/dark/track-order.html]
[askbootstrap.com/preview/osahan-eat/dark/invoice.html]
[askbootstrap.com/preview/osahan-eat/dark/login.html]
[askbootstrap.com/preview/osahan-eat/dark/register.html]
[askbootstrap.com/preview/osahan-eat/dark/404.html]
[askbootstrap.com/preview/osahan-eat/dark/extra.html]
[askbootstrap.com/preview/osahan-eat/dark/img/user/4.png]
[askbootstrap.com/preview/osahan-eat/dark/orders.html]
[askbootstrap.com/preview/osahan-eat/dark/img/cart.jpg]
[askbootstrap.com/preview/osahan-eat/dark/img/list/1.png]
[askbootstrap.com/preview/osahan-eat/dark/img/list/2.png]
[askbootstrap.com/preview/osahan-eat/dark/img/list/3.png]
[askbootstrap.com/preview/osahan-eat/dark/img/list/4.png]
[askbootstrap.com/preview/osahan-eat/dark/img/list/5.png]
[askbootstrap.com/preview/osahan-eat/dark/img/list/6.png]
[askbootstrap.com/preview/osahan-eat/dark/img/list/7.png]
[askbootstrap.com/preview/osahan-eat/dark/img/list/8.png]
[askbootstrap.com/preview/osahan-eat/dark/img/list/9.png]
[askbootstrap.com/preview/osahan-eat/dark/img/slider.png]
[askbootstrap.com/preview/osahan-eat/dark/img/slider1.png]
[askbootstrap.com/preview/osahan-eat/dark/img/pro1.jpg]
[askbootstrap.com/preview/osahan-eat/dark/img/pro2.jpg]
[askbootstrap.com/preview/osahan-eat/dark/img/pro3.jpg]
[askbootstrap.com/preview/osahan-eat/dark/img/pro4.jpg]
[askbootstrap.com/preview/osahan-eat/dark/img/google.png]
[askbootstrap.com/preview/osahan-eat/dark/img/apple.png]
[askbootstrap.com/preview/osahan-eat/dark/vendor/jquery/jquery-3.3.1.slim.min.js]
[askbootstrap.com/preview/osahan-eat/dark/vendor/bootstrap/js/bootstrap.bundle.min.js]
[askbootstrap.com/preview/osahan-eat/dark/vendor/select2/js/select2.min.js]
[askbootstrap.com/preview/osahan-eat/dark/vendor/owl-carousel/owl.carousel.js]
[askbootstrap.com/preview/osahan-eat/dark/js/custom.js]
[askbootstrap.com/preview/osahan-eat/dark/index.html]
[askbootstrap.com/preview/osahan-eat/dark/vendor/bootstrap/css/bootstrap.min.css]
[askbootstrap.com/cdn-cgi/scripts/7d0fa10a/cloudflare-static/rocket-loader.min.js]
[askbootstrap.com/preview/osahan-eat/dark/vendor/fontawesome/webfonts/fa-brands-400.eot]
[askbootstrap.com/preview/osahan-eat/dark/vendor/fontawesome/webfonts/fa-brands-400d41d.eot]
[askbootstrap.com/preview/osahan-eat/dark/vendor/fontawesome/webfonts/fa-brands-400.woff2]
[askbootstrap.com/preview/osahan-eat/dark/vendor/fontawesome/webfonts/fa-brands-400.woff]
[askbootstrap.com/preview/osahan-eat/dark/vendor/fontawesome/webfonts/fa-brands-400.ttf]
[askbootstrap.com/preview/osahan-eat/dark/vendor/fontawesome/webfonts/fa-regular-400.eot]
[askbootstrap.com/preview/osahan-eat/dark/vendor/fontawesome/webfonts/fa-brands-400.svg]
[askbootstrap.com/preview/osahan-eat/dark/vendor/fontawesome/webfonts/fa-regular-400d41d.eot]
[askbootstrap.com/preview/osahan-eat/dark/vendor/fontawesome/webfonts/fa-regular-400.woff2]
[askbootstrap.com/preview/osahan-eat/dark/vendor/fontawesome/webfonts/fa-regular-400.woff]
[askbootstrap.com/preview/osahan-eat/dark/vendor/fontawesome/webfonts/fa-regular-400.ttf]
[askbootstrap.com/preview/osahan-eat/dark/vendor/fontawesome/webfonts/fa-regular-400.svg]
[askbootstrap.com/preview/osahan-eat/dark/vendor/fontawesome/webfonts/fa-solid-900.eot]
[askbootstrap.com/preview/osahan-eat/dark/vendor/fontawesome/webfonts/fa-solid-900d41d.eot]
[askbootstrap.com/preview/osahan-eat/dark/vendor/fontawesome/webfonts/fa-solid-900.woff2]
[askbootstrap.com/preview/osahan-eat/dark/vendor/fontawesome/webfonts/fa-solid-900.woff]
[askbootstrap.com/preview/osahan-eat/dark/vendor/fontawesome/webfonts/fa-solid-900.ttf]
[askbootstrap.com/preview/osahan-eat/dark/vendor/fontawesome/css/all.min.css]
[askbootstrap.com/preview/osahan-eat/dark/vendor/icofont/fonts/icofont.woff2]
[askbootstrap.com/preview/osahan-eat/dark/vendor/fontawesome/webfonts/fa-solid-900.svg]
[askbootstrap.com/preview/osahan-eat/dark/vendor/icofont/icofont.min.css]
[askbootstrap.com/preview/osahan-eat/dark/vendor/select2/css/select2.min.css]
[askbootstrap.com/preview/osahan-eat/dark/img/login-bg.png]
[askbootstrap.com/preview/osahan-eat/dark/css/osahan.css]
[askbootstrap.com/preview/osahan-eat/dark/vendor/icofont/fonts/icofont.woff]
[askbootstrap.com/preview/osahan-eat/dark/vendor/owl-carousel/owl.carousel.css]
[askbootstrap.com/preview/osahan-eat/dark/vendor/owl-carousel/owl.theme.css]
[askbootstrap.com/preview/osahan-eat/dark/img/bank/1.png]
[askbootstrap.com/preview/osahan-eat/dark/img/bank/2.png]
[askbootstrap.com/preview/osahan-eat/dark/img/bank/3.png]
[askbootstrap.com/preview/osahan-eat/dark/img/bank/4.png]
[askbootstrap.com/preview/osahan-eat/dark/img/bank/5.png]
[askbootstrap.com/preview/osahan-eat/dark/img/bank/6.png]
[askbootstrap.com/preview/osahan-eat/dark/img/bank/7.png]
[askbootstrap.com/preview/osahan-eat/dark/img/bank/8.png]
[askbootstrap.com/preview/osahan-eat/dark/offers.html]
[askbootstrap.com/preview/osahan-eat/dark/listing.html]
[askbootstrap.com/preview/osahan-eat/dark/img/mall-dedicated-banner.png]
[askbootstrap.com/preview/osahan-eat/dark/img/1.jpg]
[askbootstrap.com/preview/osahan-eat/dark/img/5.jpg]
[askbootstrap.com/preview/osahan-eat/dark/img/2.jpg]
[askbootstrap.com/preview/osahan-eat/dark/img/3.jpg]
[askbootstrap.com/preview/osahan-eat/dark/img/gallery/1.png]
[askbootstrap.com/preview/osahan-eat/dark/img/gallery/2.png]
[askbootstrap.com/preview/osahan-eat/dark/img/gallery/3.png]
[askbootstrap.com/preview/osahan-eat/dark/img/user/1.png]
[askbootstrap.com/preview/osahan-eat/dark/img/user/5.png]
[askbootstrap.com/preview/osahan-eat/dark/img/user/2.png]
[askbootstrap.com/preview/osahan-eat/dark/img/user/3.png]
[askbootstrap.com/preview/osahan-eat/dark/img/user/6.png]
[askbootstrap.com/preview/osahan-eat/dark/img/earn-score-icon.png]
[askbootstrap.com/preview/osahan-eat/dark/img/wallet-icon.png]
[askbootstrap.com/preview/osahan-eat/dark/detail.html]
[askbootstrap.com/cdn-cgi/scripts/5c5dd728/cloudflare-static/email-decode.min.js]
[askbootstrap.com/preview/osahan-eat/dark/checkout.html]
[askbootstrap.com/preview/osahan-eat/dark/track-order.html]
[askbootstrap.com/preview/osahan-eat/dark/invoice.html]
[askbootstrap.com/preview/osahan-eat/dark/login.html]
[askbootstrap.com/preview/osahan-eat/dark/register.html]
[askbootstrap.com/preview/osahan-eat/dark/thanks.html]
[askbootstrap.com/preview/osahan-eat/dark/img/404.png]
[askbootstrap.com/preview/osahan-eat/dark/404.html]
[askbootstrap.com/preview/osahan-eat/dark/extra.html]
[askbootstrap.com/preview/osahan-eat/dark/img/4.jpg]
[askbootstrap.com/preview/osahan-eat/dark/orders.html]
[askbootstrap.com/preview/osahan-eat/dark/vendor/jquery/jquery-3.3.1.slim.min.js]
[askbootstrap.com/preview/osahan-eat/dark/vendor/bootstrap/js/bootstrap.bundle.min.js]
[askbootstrap.com/preview/osahan-eat/dark/vendor/select2/js/select2.min.js]
[askbootstrap.com/preview/osahan-eat/dark/vendor/owl-carousel/owl.carousel.js]
[www.google-analytics.com/analytics.js]
[askbootstrap.com/preview/osahan-eat/dark/js/custom.js]
[askbootstrap.com/preview/osahan-eat/dark/vendor/fontawesome/webfonts/fa-brands-400.svg]
[askbootstrap.com/preview/osahan-eat/dark/vendor/fontawesome/webfonts/fa-regular-400.svg]
[askbootstrap.com/preview/osahan-eat/dark/vendor/fontawesome/webfonts/fa-solid-900.svg]
[askbootstrap.com/preview/osahan-eat/dark/img/thanks.png]
[askbootstrap.com/preview/osahan-eat/dark/thanks.html]
