[mobbin.com/dictionary]
[backblue.gif]
[fade.gif]
[index.html]
[mobbin.com/og_imagef195.png]
[mobbin.com/apple-touch-iconf195.png]
[mobbin.com/faviconf195.svg]
[mobbin.com/favicon-32x32f195.png]
[mobbin.com/favicon-16x16f195.png]
[mobbin.com/sitef195.webmanifest]
[mobbin.com/safari-pinned-tabf195.svg]
[mobbin.com/_next/static/css/e8b2ad284fb47767.css]
[mobbin.com/_next/static/chunks/polyfills-0d1b80a048d4787e.js]
[mobbin.com/_next/static/chunks/webpack-f85509006c776ef0.js]
[mobbin.com/_next/static/chunks/framework-560765ab0625ba27.js]
[mobbin.com/_next/static/chunks/main-30b3d843fa844702.js]
[mobbin.com/_next/static/chunks/pages/_app-600e590d6a5ab983.js]
[mobbin.com/_next/static/chunks/6449-abaaeec134fce34d.js]
[mobbin.com/_next/static/chunks/2126-654dbffd0ddfc191.js]
[mobbin.com/_next/static/chunks/3816-756dd07700e1ad0e.js]
[mobbin.com/_next/static/chunks/5161-53f48b57fe6446aa.js]
[mobbin.com/_next/static/chunks/6611-f1aaec5b0b0638f3.js]
[mobbin.com/_next/static/chunks/pages/dictionary-204929d5921fe02b.js]
[mobbin.com/_next/static/oM2nRechm0UTgn3oF8S31/_buildManifest.js]
[mobbin.com/_next/static/oM2nRechm0UTgn3oF8S31/_ssgManifest.js]
[mobbin.com/browse/ios/apps.html]
[mobbin.com/index.html]
[mobbin.com/browse/web/apps.html]
[mobbin.com/dictionary]
[mobbin.com/faviconf195.svg]
[mobbin.com/safari-pinned-tabf195.svg]
[mobbin.com/collections]
[mobbin.com/assets/fonts/basiersquare-regular-webfont.woff2]
[mobbin.com/assets/fonts/basiersquare-regularitalic-webfont.woff2]
[mobbin.com/assets/fonts/basiersquare-medium-webfont.woff2]
[mobbin.com/assets/fonts/basiersquare-mediumitalic-webfont.woff2]
[mobbin.com/assets/fonts/basiersquare-semibold-webfont.woff2]
[mobbin.com/assets/fonts/basiersquare-semibolditalic-webfont.woff2]
[mobbin.com/assets/fonts/basiersquare-bold-webfont.woff2]
[mobbin.com/assets/fonts/basiersquare-bolditalic-webfont.woff2]
[mobbin.com/assets/images/features_banner.png]
[mobbin.com/_next/static/css/e8b2ad284fb47767.css]
[mobbin.com/index.html]
[mobbin.com/_next/static/chunks/pages/index-fb282171a94f124e.js]
[mobbin.com/_next/static/css/9e3452000a4f6a13.css]
[mobbin.com/_next/static/chunks/8764-75c51dbf68058559.js]
[mobbin.com/_next/static/chunks/3993-6a90fa11e19f916d.js]
[mobbin.com/_next/static/chunks/8715-535840e5ded85819.js]
[mobbin.com/_next/static/chunks/8957-b5804728477c49d6.js]
[mobbin.com/_next/static/chunks/3769-4c73cbee2e58b65e.js]
[mobbin.com/_next/static/chunks/9781-62268de6acb2acee.js]
[mobbin.com/_next/static/chunks/591-7da25c700413b0f8.js]
[mobbin.com/_next/static/chunks/3633-a91d2b0545d9b7b6.js]
[mobbin.com/_next/static/chunks/999-c67f732ca26dfc48.js]
[mobbin.com/_next/static/chunks/2714-bf169efbb8a35bf8.js]
[mobbin.com/_next/static/chunks/4524-9104f507b9c2ab28.js]
[mobbin.com/_next/static/chunks/1190-550ee4f3a7bb0dde.js]
[mobbin.com/_next/static/chunks/9928-7bdbc001c62e32eb.js]
[mobbin.com/_next/static/chunks/3505-5b0a651a38861bfa.js]
[mobbin.com/_next/static/chunks/pages/browse/[platform]/[contentType]-b115968ae8b7e125.js]
[mobbin.com/browse/android/apps.html]
[mobbin.com/browse/ios/flows.html]
[ujasntkfphywizsdaapi.supabase.co/storage/v1/object/public/content/app_screens/da708364-f743-4439-ab0d-a8e3e39f160f.png]
[ujasntkfphywizsdaapi.supabase.co/storage/v1/object/public/content/app_screens/f751b8e6-e10b-4c57-984d-33fa5529a40c.png]
[ujasntkfphywizsdaapi.supabase.co/storage/v1/object/public/content/app_screens/2c63b979-2867-48f9-ab9f-1e0e6ebf11d1.png]
[ujasntkfphywizsdaapi.supabase.co/storage/v1/object/public/content/app_screens/94273f25-ef2b-45a5-a708-142bb965fdda.png]
[ujasntkfphywizsdaapi.supabase.co/storage/v1/object/public/content/app_screens/aed83790-6e3a-4c4e-ba5c-cea212111bb4.png]
[ujasntkfphywizsdaapi.supabase.co/storage/v1/object/public/content/app_screens/284aee27-3d20-481c-b585-b7e589f56f15.png]
[ujasntkfphywizsdaapi.supabase.co/storage/v1/object/public/content/app_screens/8a3d0b34-8b5d-40e5-9cd8-b61d6a5dd1ae.png]
[ujasntkfphywizsdaapi.supabase.co/storage/v1/object/public/content/app_screens/e2afffea-a252-4cd8-beec-e231660d438d.png]
[ujasntkfphywizsdaapi.supabase.co/storage/v1/object/public/content/app_screens/63a3a6a1-4530-415d-831b-e8d52659dab0.png]
[ujasntkfphywizsdaapi.supabase.co/storage/v1/object/public/content/app_screens/74687814-0d39-4bdc-9f12-774d4a3f22fc.png]
[ujasntkfphywizsdaapi.supabase.co/storage/v1/object/public/content/app_screens/b80583e8-0d5e-4c96-bb57-4cf97a35ccf6.png]
[ujasntkfphywizsdaapi.supabase.co/storage/v1/object/public/content/app_screens/59ff70c7-e63d-4878-8816-e73e02fc5b35.png]
[ujasntkfphywizsdaapi.supabase.co/storage/v1/object/public/content/app_screens/4136b6d6-52a4-4cde-8858-ba59fd6a89e8.png]
[ujasntkfphywizsdaapi.supabase.co/storage/v1/object/public/content/app_screens/21ef601c-a3eb-4ec6-a3d8-77b6db45fd1e.png]
[ujasntkfphywizsdaapi.supabase.co/storage/v1/object/public/content/app_screens/294c9486-012d-4304-9b8c-a3032c29005b.png]
[ujasntkfphywizsdaapi.supabase.co/storage/v1/object/public/content/app_screens/f80b6795-1322-49fb-aa65-5eaa2aae230c.png]
[ujasntkfphywizsdaapi.supabase.co/storage/v1/object/public/content/app_screens/d64e44f0-516f-43f0-9efe-93456d81eb79.png]
[ujasntkfphywizsdaapi.supabase.co/storage/v1/object/public/content/app_screens/a093ebf7-3eef-4e9b-a176-14b92bcbdaf5.png]
[ujasntkfphywizsdaapi.supabase.co/storage/v1/object/public/content/app_screens/61f586a9-62fb-408e-a93a-480ac721b0a3.png]
[ujasntkfphywizsdaapi.supabase.co/storage/v1/object/public/content/app_screens/9aad1c86-dc50-4c34-9ed7-4319062bbbf4.png]
[ujasntkfphywizsdaapi.supabase.co/storage/v1/object/public/content/app_screens/6fe0f4c9-d2fb-463f-b2a4-7e6d2e43ad19.png]
[ujasntkfphywizsdaapi.supabase.co/storage/v1/object/public/content/app_screens/0c7c127c-cfba-48c7-837f-a7febeecf23d.png]
[ujasntkfphywizsdaapi.supabase.co/storage/v1/object/public/content/app_screens/43722fa5-96b3-47b6-ba1d-96d6b98a4dd6.png]
[mobbin.com/browse/ios/apps.html]
[mobbin.com/browse/web/flows.html]
[ujasntkfphywizsdaapi.supabase.co/storage/v1/object/public/content/app_screens/7a20689f-4c51-42b6-b0fb-b369b2dc76a3.png]
[ujasntkfphywizsdaapi.supabase.co/storage/v1/object/public/content/app_screens/3144d132-953f-4bd5-9398-6b687e4c6155.png]
[ujasntkfphywizsdaapi.supabase.co/storage/v1/object/public/content/app_screens/38a2471e-9fe7-4584-b10d-430ca2807edf.png]
[ujasntkfphywizsdaapi.supabase.co/storage/v1/object/public/content/app_screens/3ed06b6c-1c30-42da-b703-aafa09cdc852.png]
[ujasntkfphywizsdaapi.supabase.co/storage/v1/object/public/content/app_screens/ba89dd9e-b0e3-49c1-a069-47136a37a657.png]
[ujasntkfphywizsdaapi.supabase.co/storage/v1/object/public/content/app_screens/6a452c98-7736-4098-a6c0-cfbcabb0b262.png]
[ujasntkfphywizsdaapi.supabase.co/storage/v1/object/public/content/app_screens/696383f9-0ca0-466e-a847-da331fdbef7f.png]
[ujasntkfphywizsdaapi.supabase.co/storage/v1/object/public/content/app_screens/86d15ef1-b5f5-4791-80e1-7e0311d1d4a2.png]
[ujasntkfphywizsdaapi.supabase.co/storage/v1/object/public/content/app_screens/83746c5c-e02e-47fc-a82a-2c0b127fb08d.png]
[ujasntkfphywizsdaapi.supabase.co/storage/v1/object/public/content/app_screens/3e263925-18bd-4397-8090-4acbc5517c8a.png]
[ujasntkfphywizsdaapi.supabase.co/storage/v1/object/public/content/app_screens/c479c8ac-1e64-4bbd-a940-6c8c1d1582ff.png]
[ujasntkfphywizsdaapi.supabase.co/storage/v1/object/public/content/app_screens/c829db30-80bb-4bea-8db3-d44a895b4617.png]
[ujasntkfphywizsdaapi.supabase.co/storage/v1/object/public/content/app_screens/d42bd203-fb85-49d3-b745-1a50777f6225.png]
[ujasntkfphywizsdaapi.supabase.co/storage/v1/object/public/content/app_screens/180e0aca-9aff-42cb-8873-623a73b50bfd.png]
[ujasntkfphywizsdaapi.supabase.co/storage/v1/object/public/content/app_screens/6f50a44f-f61c-475e-8845-800c00af1724.png]
[ujasntkfphywizsdaapi.supabase.co/storage/v1/object/public/content/app_screens/e34cf98b-ad09-4bba-9de9-b4cb277794f7.png]
[ujasntkfphywizsdaapi.supabase.co/storage/v1/object/public/content/app_screens/e0165889-647b-4636-95ca-bd5bae3a9b63.png]
[ujasntkfphywizsdaapi.supabase.co/storage/v1/object/public/content/app_screens/46931672-1e6a-4fe4-85c5-9e434dfebf17.png]
[ujasntkfphywizsdaapi.supabase.co/storage/v1/object/public/content/app_screens/af22b031-d631-4933-a5be-da0a39a3cf6f.png]
[ujasntkfphywizsdaapi.supabase.co/storage/v1/object/public/content/app_screens/3bc6404b-707f-4768-89bc-1912546f8b2b.png]
[ujasntkfphywizsdaapi.supabase.co/storage/v1/object/public/content/app_screens/a55ae062-5d7b-4cf1-85d7-82374fe6427c.png]
[ujasntkfphywizsdaapi.supabase.co/storage/v1/object/public/content/app_screens/4a851ecf-09ae-4a2b-8c84-1dc8492d8716.png]
[ujasntkfphywizsdaapi.supabase.co/storage/v1/object/public/content/app_screens/ef0ba224-e6dc-4cd0-b3e9-c7fa98e4aac1.png]
[ujasntkfphywizsdaapi.supabase.co/storage/v1/object/public/content/app_screens/7e40dae2-6ba7-45ca-8f5f-291b4aa37a68.png]
[ujasntkfphywizsdaapi.supabase.co/storage/v1/object/public/content/app_screens/6940cf6c-dc93-424e-b997-1bff419c7749.png]
[ujasntkfphywizsdaapi.supabase.co/storage/v1/object/public/content/app_screens/4b0d0100-c32d-49ba-bea2-8467a197e3fb.png]
[ujasntkfphywizsdaapi.supabase.co/storage/v1/object/public/content/app_screens/cd39f483-9247-47e3-bf50-f5c8c1bfae16.png]
[ujasntkfphywizsdaapi.supabase.co/storage/v1/object/public/content/app_screens/6d03b343-d16b-43b8-a8c5-fe243093b77e.png]
[ujasntkfphywizsdaapi.supabase.co/storage/v1/object/public/content/app_screens/d20bd335-4edf-4c09-a717-a9dc2829672e.png]
[ujasntkfphywizsdaapi.supabase.co/storage/v1/object/public/content/app_screens/40f3125d-e929-4994-be28-f09559e7d7c2.png]
[ujasntkfphywizsdaapi.supabase.co/storage/v1/object/public/content/app_screens/19e60e49-0419-47e8-ac45-aad5a71412a2.png]
[ujasntkfphywizsdaapi.supabase.co/storage/v1/object/public/content/app_screens/323d71f6-90c5-4419-89f3-cab76aa73461.png]
[ujasntkfphywizsdaapi.supabase.co/storage/v1/object/public/content/app_screens/da2f8140-7141-43c5-959c-a0bcebd5633c.png]
[ujasntkfphywizsdaapi.supabase.co/storage/v1/object/public/content/app_screens/fe26929e-e5ba-4ebf-b766-0583eb53fd40.png]
[ujasntkfphywizsdaapi.supabase.co/storage/v1/object/public/content/app_screens/309feb00-759a-4b5b-b5c6-dac488068173.png]
[ujasntkfphywizsdaapi.supabase.co/storage/v1/object/public/content/app_screens/f7b2998e-df90-41f7-b8db-bd9de03a7267.png]
[ujasntkfphywizsdaapi.supabase.co/storage/v1/object/public/content/app_screens/81ab026d-c30f-42b7-8129-52666018ca8c.png]
[ujasntkfphywizsdaapi.supabase.co/storage/v1/object/public/content/app_screens/eee878b6-b585-4ae5-8d51-1d24a63eac9b.png]
[ujasntkfphywizsdaapi.supabase.co/storage/v1/object/public/content/app_screens/0dc9e309-1197-4b19-a8bd-818559979b58.png]
[ujasntkfphywizsdaapi.supabase.co/storage/v1/object/public/content/app_screens/a0ce92ea-0bff-44c3-a791-a20457d5519a.png]
[ujasntkfphywizsdaapi.supabase.co/storage/v1/object/public/content/app_screens/c4d73350-253a-488b-ad0f-a8922b1452fd.png]
[ujasntkfphywizsdaapi.supabase.co/storage/v1/object/public/content/app_screens/549fbdc9-56df-4002-a20d-c86466be6714.png]
[ujasntkfphywizsdaapi.supabase.co/storage/v1/object/public/content/app_screens/a4970e17-a487-4ddd-b2f5-7d7364ba39eb.png]
[ujasntkfphywizsdaapi.supabase.co/storage/v1/object/public/content/app_screens/363bfbd2-dadc-4fad-8d2e-9670be2e72f9.png]
[ujasntkfphywizsdaapi.supabase.co/storage/v1/object/public/content/app_screens/89a14083-d5ad-490d-8cec-c47048ce06a3.png]
[ujasntkfphywizsdaapi.supabase.co/storage/v1/object/public/content/app_screens/a43d057f-0f72-40a2-b5ad-4106d506b582.png]
[ujasntkfphywizsdaapi.supabase.co/storage/v1/object/public/content/app_screens/2a67eb57-8bf7-4677-8bd9-b55b6fe3b149.png]
[ujasntkfphywizsdaapi.supabase.co/storage/v1/object/public/content/app_screens/1500cbce-503e-4f2a-a004-13fd3f2c8f80.png]
[mobbin.com/browse/web/apps.html]
[mobbin.com/_next/static/chunks/8531-5b4228c6a1aa3c83.js]
[mobbin.com/_next/static/chunks/pages/collections-b454c122a5065c77.js]
[mobbin.com/collections]
[mobbin.com/_next/static/css/9e3452000a4f6a13.css]
[mobbin.com/browse/android/flows.html]
[ujasntkfphywizsdaapi.supabase.co/storage/v1/object/public/content/app_screens/bc172c1c-1c7d-41d2-a238-1f7d81c7b48e.png]
[ujasntkfphywizsdaapi.supabase.co/storage/v1/object/public/content/app_screens/98fab537-f058-4a30-b865-14cac894b2b7.png]
[ujasntkfphywizsdaapi.supabase.co/storage/v1/object/public/content/app_screens/05fac848-0ace-41ae-9872-e7a80e955345.png]
[ujasntkfphywizsdaapi.supabase.co/storage/v1/object/public/content/app_screens/48332811-51da-4098-a805-fdaa8b5f7c4f.png]
[ujasntkfphywizsdaapi.supabase.co/storage/v1/object/public/content/app_screens/51733dc2-5737-4791-b638-0a23c3a6b97a.png]
[ujasntkfphywizsdaapi.supabase.co/storage/v1/object/public/content/app_screens/07ec1080-c238-464a-baf4-05068b317303.png]
[ujasntkfphywizsdaapi.supabase.co/storage/v1/object/public/content/app_screens/92926765-e16b-4f07-84cf-b5d8c6ef7545.png]
[ujasntkfphywizsdaapi.supabase.co/storage/v1/object/public/content/app_screens/8d0e5060-42e6-4a1d-b982-6ee35cd6b600.png]
[ujasntkfphywizsdaapi.supabase.co/storage/v1/object/public/content/app_screens/f5b3225c-897a-4556-963c-1ce0e6977907.png]
[ujasntkfphywizsdaapi.supabase.co/storage/v1/object/public/content/app_screens/3b1472ad-b3ec-44c4-8530-917c0ff8645a.png]
[ujasntkfphywizsdaapi.supabase.co/storage/v1/object/public/content/app_screens/cefe68ff-de16-45fe-b7e8-7fec6380bd87.png]
[ujasntkfphywizsdaapi.supabase.co/storage/v1/object/public/content/app_screens/f69a41e2-b752-425d-9736-3e18c7671b85.png]
[ujasntkfphywizsdaapi.supabase.co/storage/v1/object/public/content/app_screens/a57d7026-b3ed-4d70-893b-8a96b8466a2c.png]
[ujasntkfphywizsdaapi.supabase.co/storage/v1/object/public/content/app_screens/d83b3773-6d26-4ca5-aa9c-042deee362ba.png]
[ujasntkfphywizsdaapi.supabase.co/storage/v1/object/public/content/app_screens/53eb2e3f-daa7-4b84-9d58-8e07574155ce.png]
[ujasntkfphywizsdaapi.supabase.co/storage/v1/object/public/content/app_screens/337eaed8-653a-49ac-9327-67c9d27f2d35.png]
[ujasntkfphywizsdaapi.supabase.co/storage/v1/object/public/content/app_screens/e862d8d0-491d-4ab7-9ace-6d5022dc9244.png]
[ujasntkfphywizsdaapi.supabase.co/storage/v1/object/public/content/app_screens/3270b3a3-3237-4613-8acb-7a76ed6552e9.png]
[ujasntkfphywizsdaapi.supabase.co/storage/v1/object/public/content/app_screens/02e12976-297f-44a8-ab88-066e3b2bb358.png]
[ujasntkfphywizsdaapi.supabase.co/storage/v1/object/public/content/app_screens/42c35ed4-3aea-42ad-8215-49f8304b5011.png]
[ujasntkfphywizsdaapi.supabase.co/storage/v1/object/public/content/app_screens/53ccc66b-e3b6-4847-a046-ac55e4a380f6.png]
[ujasntkfphywizsdaapi.supabase.co/storage/v1/object/public/content/app_screens/72872a6e-9196-49ae-9177-c4b692a638bd.png]
[mobbin.com/browse/android/apps.html]
[mobbin.com/browse/ios/flows.html]
[ujasntkfphywizsdaapi.supabase.co/storage/v1/object/public/content/app_screens/0f3505af-dd0c-4510-aab9-cf7b465e31fe.png]
[ujasntkfphywizsdaapi.supabase.co/storage/v1/object/public/content/app_screens/43722fa5-96b3-47b6-ba1d-96d6b98a4dd6.png]
[mobbin.com/browse/web/flows.html]
[mobbin.com/browse/android/flows.html]
[ujasntkfphywizsdaapi.supabase.co/storage/v1/object/public/content/app_screens/1500cbce-503e-4f2a-a004-13fd3f2c8f80.png]
[ujasntkfphywizsdaapi.supabase.co/storage/v1/object/public/content/app_screens/05fac848-0ace-41ae-9872-e7a80e955345.png]
[ujasntkfphywizsdaapi.supabase.co/storage/v1/object/public/content/app_screens/a44d1864-a64b-4aa4-8ede-fac6e5aca0ab.png]
[ujasntkfphywizsdaapi.supabase.co/storage/v1/object/public/content/app_screens/a57d7026-b3ed-4d70-893b-8a96b8466a2c.png]
[ujasntkfphywizsdaapi.supabase.co/storage/v1/object/public/content/app_screens/7addc1a7-2849-400d-8a86-590ee0d58148.png]
